03:00:36 **** Build of configuration Debug for project dma_ex_fft ****
make pre-build main-build 
a9-linaro-pre-build-step
 
Building file: ../src/cplx_data.c
Invoking: ARM v7 gcc compiler
arm-none-eabi-gcc -Wall -O0 -g3 -c -fmessage-length=0 -MT"src/cplx_data.o" -mcpu=cortex-a9 -mfpu=vfpv3 -mfloat-abi=hard -I../../dma_ex_fft_bsp/ps7_cortexa9_0/include -MMD -MP -MF"src/cplx_data.d" -MT"src/cplx_data.o" -o "src/cplx_data.o" "../src/cplx_data.c"
Finished building: ../src/cplx_data.c
 
Building file: ../src/dma_accel.c
Invoking: ARM v7 gcc compiler
arm-none-eabi-gcc -Wall -O0 -g3 -c -fmessage-length=0 -MT"src/dma_accel.o" -mcpu=cortex-a9 -mfpu=vfpv3 -mfloat-abi=hard -I../../dma_ex_fft_bsp/ps7_cortexa9_0/include -MMD -MP -MF"src/dma_accel.d" -MT"src/dma_accel.o" -o "src/dma_accel.o" "../src/dma_accel.c"
Finished building: ../src/dma_accel.c
 
Building file: ../src/fft.c
Invoking: ARM v7 gcc compiler
arm-none-eabi-gcc -Wall -O0 -g3 -c -fmessage-length=0 -MT"src/fft.o" -mcpu=cortex-a9 -mfpu=vfpv3 -mfloat-abi=hard -I../../dma_ex_fft_bsp/ps7_cortexa9_0/include -MMD -MP -MF"src/fft.d" -MT"src/fft.o" -o "src/fft.o" "../src/fft.c"
Finished building: ../src/fft.c
 
Building file: ../src/helloworld.c
Invoking: ARM v7 gcc compiler
arm-none-eabi-gcc -Wall -O0 -g3 -c -fmessage-length=0 -MT"src/helloworld.o" -mcpu=cortex-a9 -mfpu=vfpv3 -mfloat-abi=hard -I../../dma_ex_fft_bsp/ps7_cortexa9_0/include -MMD -MP -MF"src/helloworld.d" -MT"src/helloworld.o" -o "src/helloworld.o" "../src/helloworld.c"
Finished building: ../src/helloworld.c
 
Building file: ../src/platform.c
Invoking: ARM v7 gcc compiler
arm-none-eabi-gcc -Wall -O0 -g3 -c -fmessage-length=0 -MT"src/platform.o" -mcpu=cortex-a9 -mfpu=vfpv3 -mfloat-abi=hard -I../../dma_ex_fft_bsp/ps7_cortexa9_0/include -MMD -MP -MF"src/platform.d" -MT"src/platform.o" -o "src/platform.o" "../src/platform.c"
Finished building: ../src/platform.c
 
Building target: dma_ex_fft.elf
Invoking: ARM v7 gcc linker
arm-none-eabi-gcc -mcpu=cortex-a9 -mfpu=vfpv3 -mfloat-abi=hard -Wl,-build-id=none -specs=Xilinx.spec -Wl,-T -Wl,../src/lscript.ld -L../../dma_ex_fft_bsp/ps7_cortexa9_0/lib -o "dma_ex_fft.elf"  ./src/cplx_data.o ./src/dma_accel.o ./src/fft.o ./src/helloworld.o ./src/platform.o   -Wl,--start-group,-lxil,-lgcc,-lc,--end-group
Finished building target: dma_ex_fft.elf
 
Invoking: ARM v7 Print Size
arm-none-eabi-size dma_ex_fft.elf  |tee "dma_ex_fft.elf.size"
   text	   data	    bss	    dec	    hex	filename
  75432	  36208	 531248	 642888	  9cf48	dma_ex_fft.elf
Finished building: dma_ex_fft.elf.size
 

03:00:39 Build Finished (took 3s.77ms)

